n/objeto_neg_149.jpg
n/objeto_neg_148.jpg
n/objeto_neg_147.jpg
n/objeto_neg_146.jpg
n/objeto_neg_145.jpg
n/objeto_neg_144.jpg
n/objeto_neg_143.jpg
n/objeto_neg_142.jpg
n/objeto_neg_141.jpg
n/objeto_neg_140.jpg
n/objeto_neg_139.jpg
n/objeto_neg_138.jpg
n/objeto_neg_137.jpg
n/objeto_neg_136.jpg
n/objeto_neg_135.jpg
n/objeto_neg_134.jpg
n/objeto_neg_133.jpg
n/objeto_neg_132.jpg
n/objeto_neg_131.jpg
n/objeto_neg_130.jpg
n/objeto_neg_129.jpg
n/objeto_neg_128.jpg
n/objeto_neg_127.jpg
n/objeto_neg_126.jpg
n/objeto_neg_125.jpg
n/objeto_neg_124.jpg
n/objeto_neg_123.jpg
n/objeto_neg_122.jpg
n/objeto_neg_121.jpg
n/objeto_neg_120.jpg
n/objeto_neg_119.jpg
n/objeto_neg_118.jpg
n/objeto_neg_117.jpg
n/objeto_neg_116.jpg
n/objeto_neg_115.jpg
n/objeto_neg_114.jpg
n/objeto_neg_113.jpg
n/objeto_neg_112.jpg
n/objeto_neg_111.jpg
n/objeto_neg_110.jpg
n/objeto_neg_109.jpg
n/objeto_neg_108.jpg
n/objeto_neg_107.jpg
n/objeto_neg_106.jpg
n/objeto_neg_105.jpg
n/objeto_neg_104.jpg
n/objeto_neg_103.jpg
n/objeto_neg_102.jpg
n/objeto_neg_101.jpg
n/objeto_neg_100.jpg
n/objeto_neg_99.jpg
n/objeto_neg_98.jpg
n/objeto_neg_97.jpg
n/objeto_neg_96.jpg
n/objeto_neg_95.jpg
n/objeto_neg_94.jpg
n/objeto_neg_93.jpg
n/objeto_neg_92.jpg
n/objeto_neg_91.jpg
n/objeto_neg_90.jpg
n/objeto_neg_89.jpg
n/objeto_neg_88.jpg
n/objeto_neg_87.jpg
n/objeto_neg_86.jpg
n/objeto_neg_85.jpg
n/objeto_neg_84.jpg
n/objeto_neg_83.jpg
n/objeto_neg_82.jpg
n/objeto_neg_81.jpg
n/objeto_neg_80.jpg
n/objeto_neg_79.jpg
n/objeto_neg_78.jpg
n/objeto_neg_77.jpg
n/objeto_neg_76.jpg
n/objeto_neg_75.jpg
n/objeto_neg_74.jpg
n/objeto_neg_73.jpg
n/objeto_neg_72.jpg
n/objeto_neg_71.jpg
n/objeto_neg_70.jpg
n/objeto_neg_69.jpg
n/objeto_neg_68.jpg
n/objeto_neg_67.jpg
n/objeto_neg_66.jpg
n/objeto_neg_65.jpg
n/objeto_neg_64.jpg
n/objeto_neg_63.jpg
n/objeto_neg_62.jpg
n/objeto_neg_61.jpg
n/objeto_neg_60.jpg
n/objeto_neg_59.jpg
n/objeto_neg_58.jpg
n/objeto_neg_57.jpg
n/objeto_neg_56.jpg
n/objeto_neg_55.jpg
n/objeto_neg_54.jpg
n/objeto_neg_53.jpg
n/objeto_neg_52.jpg
n/objeto_neg_51.jpg
n/objeto_neg_50.jpg
n/objeto_neg_49.jpg
n/objeto_neg_48.jpg
n/objeto_neg_47.jpg
n/objeto_neg_46.jpg
n/objeto_neg_45.jpg
n/objeto_neg_44.jpg
n/objeto_neg_43.jpg
n/objeto_neg_42.jpg
n/objeto_neg_41.jpg
n/objeto_neg_40.jpg
n/objeto_neg_39.jpg
n/objeto_neg_38.jpg
n/objeto_neg_37.jpg
n/objeto_neg_36.jpg
n/objeto_neg_35.jpg
n/objeto_neg_34.jpg
n/objeto_neg_33.jpg
n/objeto_neg_32.jpg
n/objeto_neg_31.jpg
n/objeto_neg_30.jpg
n/objeto_neg_29.jpg
n/objeto_neg_28.jpg
n/objeto_neg_27.jpg
n/objeto_neg_26.jpg
n/objeto_neg_25.jpg
n/objeto_neg_24.jpg
n/objeto_neg_23.jpg
n/objeto_neg_22.jpg
n/objeto_neg_21.jpg
n/objeto_neg_20.jpg
n/objeto_neg_19.jpg
n/objeto_neg_18.jpg
n/objeto_neg_17.jpg
n/objeto_neg_16.jpg
n/objeto_neg_15.jpg
n/objeto_neg_14.jpg
n/objeto_neg_13.jpg
n/objeto_neg_12.jpg
n/objeto_neg_11.jpg
n/objeto_neg_10.jpg
n/objeto_neg_9.jpg
n/objeto_neg_8.jpg
n/objeto_neg_7.jpg
n/objeto_neg_6.jpg
n/objeto_neg_5.jpg
n/objeto_neg_4.jpg
n/objeto_neg_3.jpg
n/objeto_neg_2.jpg
n/objeto_neg_1.jpg
n/objeto_neg_0.jpg